TEC_Nomex		tecmaterial
TOB_DOH			tobmaterial
T_Ribbon12xMUConn	trackermaterial
Optical_Fiber		trackermaterial
CAB_Al36		trackermaterial
CAB_Al48		trackermaterial
CAB_Al60		trackermaterial
T_RuggRibbon		trackermaterial
TOB_Ribbon12xMUConn  	trackermaterial
TOB_DOHM_PowerConn   	trackermaterial
TIBTID_CCUM             tibtidcommonmaterial
T_FiberPigtail		tibtidcommonmaterial
TIB_SSMCModConn		tibmaterial
TIBTID_HybridTails	tibtidcommonmaterial
TIB_MFIntRing		tibmaterial
TIBTID_AmphCable	tibtidcommonmaterial
TIBTID_DOH		tibtidcommonmaterial
T_MedusaWire		tibtidcommonmaterial
TIBTID_HybridBoard	tibtidcommonmaterial
TIB_SSAOHBox		tibmaterial
TIBTID_AOH		tibtidcommonmaterial
TID_SSAOHBox		tidmaterial
TID_CoolPipe		tidmaterial
T_PigtailMUConn		tibtidcommonmaterial
T_Cu10mmPipe		tibtidcommonmaterial
CAB_Al60TIBTID		trackermaterial
MS_CntrlTIBTID		trackermaterial
T_Al6mmPipe		tibtidcommonmaterial
T_MedCABMaleConn	tibtidcommonmaterial
T_MedCABFemaleConn	tibtidcommonmaterial
T_MedPLCCMaleConn	tibtidcommonmaterial
T_MedPLCCFemaleConn	tibtidcommonmaterial
