# Test mapping.
#
# Lindsey Gray 02-26-06
#
#                READOUT                                GEOMETRY
# ================================================================================
#   endcap station sector subsector  cscid | endcap station sector subsector cscid
# ================================================================================
# ME+1/1 subsector 1
      1       1       5       1       1       1       1       5       1       1
      1       1       5       1       2       1       1       5       1       2
      1       1       5       1       3       1       1       5       1       3
# ME+1/2 subsector 1
      1       1       5       1       4       1       1       5       1       4
      1       1       5       1       5       1       1       5       1       5
      1       1       5       1       6       1       1       5       1       6
# ME+1/3 subsector 1
      1       1       5       1       7       1       1       5       1       7
      1       1       5       1       8       1       1       5       1       8
      1       1       5       1       9       1       1       5       1       9
# ME+1/1 subsector 2
      1       1       5       2       1       1       1       5       2       1
      1       1       5       2       2       1       1       5       2       2
      1       1       5       2       3       1       1       5       2       3
# ME+1/2 subsector 2
      1       1       5       2       4       1       1       5       2       4
      1       1       5       2       5       1       1       5       2       5
      1       1       5       2       6       1       1       5       2       6
# ME+1/3 subsector 2
      1       1       5       2       7       1       1       5       2       7
      1       1       5       2       8       1       1       5       2       8
      1       1       5       2       9       1       1       5       2       9
# ME+2/1
      1       2       5       0       1       1       2       5       0       1
      1       2       5       0       2       1       2       5       0       2
      1       2       5       0       3       1       2       5       0       3
# ME+2/2
      1       2       5       0       4       1       2       5       0       4
      1       2       5       0       5       1       2       5       0       5
      1       2       5       0       6       1       2       5       0       6
      1       2       5       0       7       1       2       5       0       7
      1       2       5       0       8       1       2       5       0       8
      1       2       5       0       9       1       2       5       0       9
# ME+3/1
      1       3       5       0       1       1       3       5       0       1
      1       3       5       0       2       1       3       5       0       2
      1       3       5       0       3       1       3       5       0       3
# ME+3/2
      1       3       5       0       4       1       3       5       0       4
      1       3       5       0       5       1       3       5       0       5
      1       3       5       0       6       1       3       5       0       6
      1       3       5       0       7       1       3       5       0       7
      1       3       5       0       8       1       3       5       0       8
      1       3       5       0       9       1       3       5       0       9
# ME+4/1
      1       4       5       0       1       1       4       5       0       1
      1       4       5       0       2       1       4       5       0       2
      1       4       5       0       3       1       4       5       0       3
# ME+4/2
      1       4       5       0       4       1       4       5       0       4
      1       4       5       0       5       1       4       5       0       5
      1       4       5       0       6       1       4       5       0       6
      1       4       5       0       7       1       4       5       0       7
      1       4       5       0       8       1       4       5       0       8
      1       4       5       0       9       1       4       5       0       9
# ================================================================================
#   endcap station sector subsector  cscid | endcap station sector subsector cscid
# ================================================================================
      1       1       1       1       1       1       1       1       1       1
      1       1       1       1       2       1       1       1       1       2
      1       1       1       1       3       1       1       1       1       3
      1       1       1       1       4       1       1       1       1       4
      1       1       1       1       5       1       1       1       1       5
      1       1       1       1       6       1       1       1       1       6
      1       1       1       1       7       1       1       1       1       7
      1       1       1       1       8       1       1       1       1       8
      1       1       1       1       9       1       1       1       1       9
      1       1       1       2       1       1       1       1       2       1
      1       1       1       2       2       1       1       1       2       2
      1       1       1       2       3       1       1       1       2       3
      1       1       1       2       4       1       1       1       2       4
      1       1       1       2       5       1       1       1       2       5
      1       1       1       2       6       1       1       1       2       6
      1       1       1       2       7       1       1       1       2       7
      1       1       1       2       8       1       1       1       2       8
      1       1       1       2       9       1       1       1       2       9
      1       2       1       0       1       1       2       1       0       1
      1       2       1       0       2       1       2       1       0       2
      1       2       1       0       3       1       2       1       0       3
      1       2       1       0       4       1       2       1       0       4
      1       2       1       0       5       1       2       1       0       5
      1       2       1       0       6       1       2       1       0       6
      1       2       1       0       7       1       2       1       0       7
      1       2       1       0       8       1       2       1       0       8
      1       2       1       0       9       1       2       1       0       9
      1       3       1       0       1       1       3       1       0       1
      1       3       1       0       2       1       3       1       0       2
      1       3       1       0       3       1       3       1       0       3
      1       3       1       0       4       1       3       1       0       4
      1       3       1       0       5       1       3       1       0       5
      1       3       1       0       6       1       3       1       0       6
      1       3       1       0       7       1       3       1       0       7
      1       3       1       0       8       1       3       1       0       8
      1       3       1       0       9       1       3       1       0       9
      1       4       1       0       1       1       4       1       0       1
      1       4       1       0       2       1       4       1       0       2
      1       4       1       0       3       1       4       1       0       3
      1       4       1       0       4       1       4       1       0       4
      1       4       1       0       5       1       4       1       0       5
      1       4       1       0       6       1       4       1       0       6
      1       4       1       0       7       1       4       1       0       7
      1       4       1       0       8       1       4       1       0       8
      1       4       1       0       9       1       4       1       0       9
# ================================================================================
      1       1       2       1       1       1       1       2       1       1
      1       1       2       1       2       1       1       2       1       2
      1       1       2       1       3       1       1       2       1       3
      1       1       2       1       4       1       1       2       1       4
      1       1       2       1       5       1       1       2       1       5
      1       1       2       1       6       1       1       2       1       6
      1       1       2       1       7       1       1       2       1       7
      1       1       2       1       8       1       1       2       1       8
      1       1       2       1       9       1       1       2       1       9
      1       1       2       2       1       1       1       2       2       1
      1       1       2       2       2       1       1       2       2       2
      1       1       2       2       3       1       1       2       2       3
      1       1       2       2       4       1       1       2       2       4
      1       1       2       2       5       1       1       2       2       5
      1       1       2       2       6       1       1       2       2       6
      1       1       2       2       7       1       1       2       2       7
      1       1       2       2       8       1       1       2       2       8
      1       1       2       2       9       1       1       2       2       9
      1       2       2       0       1       1       2       2       0       1
      1       2       2       0       2       1       2       2       0       2
      1       2       2       0       3       1       2       2       0       3
      1       2       2       0       4       1       2       2       0       4
      1       2       2       0       5       1       2       2       0       5
      1       2       2       0       6       1       2       2       0       6
      1       2       2       0       7       1       2       2       0       7
      1       2       2       0       8       1       2       2       0       8
      1       2       2       0       9       1       2       2       0       9
      1       3       2       0       1       1       3       2       0       1
      1       3       2       0       2       1       3       2       0       2
      1       3       2       0       3       1       3       2       0       3
      1       3       2       0       4       1       3       2       0       4
      1       3       2       0       5       1       3       2       0       5
      1       3       2       0       6       1       3       2       0       6
      1       3       2       0       7       1       3       2       0       7
      1       3       2       0       8       1       3       2       0       8
      1       3       2       0       9       1       3       2       0       9
      1       4       2       0       1       1       4       2       0       1
      1       4       2       0       2       1       4       2       0       2
      1       4       2       0       3       1       4       2       0       3
      1       4       2       0       4       1       4       2       0       4
      1       4       2       0       5       1       4       2       0       5
      1       4       2       0       6       1       4       2       0       6
      1       4       2       0       7       1       4       2       0       7
      1       4       2       0       8       1       4       2       0       8
      1       4       2       0       9       1       4       2       0       9
# ================================================================================
      1       1       3       1       1       1       1       3       1       1
      1       1       3       1       2       1       1       3       1       2
      1       1       3       1       3       1       1       3       1       3
      1       1       3       1       4       1       1       3       1       4
      1       1       3       1       5       1       1       3       1       5
      1       1       3       1       6       1       1       3       1       6
      1       1       3       1       7       1       1       3       1       7
      1       1       3       1       8       1       1       3       1       8
      1       1       3       1       9       1       1       3       1       9
      1       1       3       2       1       1       1       3       2       1
      1       1       3       2       2       1       1       3       2       2
      1       1       3       2       3       1       1       3       2       3
      1       1       3       2       4       1       1       3       2       4
      1       1       3       2       5       1       1       3       2       5
      1       1       3       2       6       1       1       3       2       6
      1       1       3       2       7       1       1       3       2       7
      1       1       3       2       8       1       1       3       2       8
      1       1       3       2       9       1       1       3       2       9
      1       2       3       0       1       1       2       3       0       1
      1       2       3       0       2       1       2       3       0       2
      1       2       3       0       3       1       2       3       0       3
      1       2       3       0       4       1       2       3       0       4
      1       2       3       0       5       1       2       3       0       5
      1       2       3       0       6       1       2       3       0       6
      1       2       3       0       7       1       2       3       0       7
      1       2       3       0       8       1       2       3       0       8
      1       2       3       0       9       1       2       3       0       9
      1       3       3       0       1       1       3       3       0       1
      1       3       3       0       2       1       3       3       0       2
      1       3       3       0       3       1       3       3       0       3
      1       3       3       0       4       1       3       3       0       4
      1       3       3       0       5       1       3       3       0       5
      1       3       3       0       6       1       3       3       0       6
      1       3       3       0       7       1       3       3       0       7
      1       3       3       0       8       1       3       3       0       8
      1       3       3       0       9       1       3       3       0       9
      1       4       3       0       1       1       4       3       0       1
      1       4       3       0       2       1       4       3       0       2
      1       4       3       0       3       1       4       3       0       3
      1       4       3       0       4       1       4       3       0       4
      1       4       3       0       5       1       4       3       0       5
      1       4       3       0       6       1       4       3       0       6
      1       4       3       0       7       1       4       3       0       7
      1       4       3       0       8       1       4       3       0       8
      1       4       3       0       9       1       4       3       0       9
# ================================================================================
      1       1       4       1       1       1       1       4       1       1
      1       1       4       1       2       1       1       4       1       2
      1       1       4       1       3       1       1       4       1       3
      1       1       4       1       4       1       1       4       1       4
      1       1       4       1       5       1       1       4       1       5
      1       1       4       1       6       1       1       4       1       6
      1       1       4       1       7       1       1       4       1       7
      1       1       4       1       8       1       1       4       1       8
      1       1       4       1       9       1       1       4       1       9
      1       1       4       2       1       1       1       4       2       1
      1       1       4       2       2       1       1       4       2       2
      1       1       4       2       3       1       1       4       2       3
      1       1       4       2       4       1       1       4       2       4
      1       1       4       2       5       1       1       4       2       5
      1       1       4       2       6       1       1       4       2       6
      1       1       4       2       7       1       1       4       2       7
      1       1       4       2       8       1       1       4       2       8
      1       1       4       2       9       1       1       4       2       9
      1       2       4       0       1       1       2       4       0       1
      1       2       4       0       2       1       2       4       0       2
      1       2       4       0       3       1       2       4       0       3
      1       2       4       0       4       1       2       4       0       4
      1       2       4       0       5       1       2       4       0       5
      1       2       4       0       6       1       2       4       0       6
      1       2       4       0       7       1       2       4       0       7
      1       2       4       0       8       1       2       4       0       8
      1       2       4       0       9       1       2       4       0       9
      1       3       4       0       1       1       3       4       0       1
      1       3       4       0       2       1       3       4       0       2
      1       3       4       0       3       1       3       4       0       3
      1       3       4       0       4       1       3       4       0       4
      1       3       4       0       5       1       3       4       0       5
      1       3       4       0       6       1       3       4       0       6
      1       3       4       0       7       1       3       4       0       7
      1       3       4       0       8       1       3       4       0       8
      1       3       4       0       9       1       3       4       0       9
      1       4       4       0       1       1       4       4       0       1
      1       4       4       0       2       1       4       4       0       2
      1       4       4       0       3       1       4       4       0       3
      1       4       4       0       4       1       4       4       0       4
      1       4       4       0       5       1       4       4       0       5
      1       4       4       0       6       1       4       4       0       6
      1       4       4       0       7       1       4       4       0       7
      1       4       4       0       8       1       4       4       0       8
      1       4       4       0       9       1       4       4       0       9
# ================================================================================
      1       1       6       1       1       1       1       6       1       1
      1       1       6       1       2       1       1       6       1       2
      1       1       6       1       3       1       1       6       1       3
      1       1       6       1       4       1       1       6       1       4
      1       1       6       1       5       1       1       6       1       5
      1       1       6       1       6       1       1       6       1       6
      1       1       6       1       7       1       1       6       1       7
      1       1       6       1       8       1       1       6       1       8
      1       1       6       1       9       1       1       6       1       9
      1       1       6       2       1       1       1       6       2       1
      1       1       6       2       2       1       1       6       2       2
      1       1       6       2       3       1       1       6       2       3
      1       1       6       2       4       1       1       6       2       4
      1       1       6       2       5       1       1       6       2       5
      1       1       6       2       6       1       1       6       2       6
      1       1       6       2       7       1       1       6       2       7
      1       1       6       2       8       1       1       6       2       8
      1       1       6       2       9       1       1       6       2       9
      1       2       6       0       1       1       2       6       0       1
      1       2       6       0       2       1       2       6       0       2
      1       2       6       0       3       1       2       6       0       3
      1       2       6       0       4       1       2       6       0       4
      1       2       6       0       5       1       2       6       0       5
      1       2       6       0       6       1       2       6       0       6
      1       2       6       0       7       1       2       6       0       7
      1       2       6       0       8       1       2       6       0       8
      1       2       6       0       9       1       2       6       0       9
      1       3       6       0       1       1       3       6       0       1
      1       3       6       0       2       1       3       6       0       2
      1       3       6       0       3       1       3       6       0       3
      1       3       6       0       4       1       3       6       0       4
      1       3       6       0       5       1       3       6       0       5
      1       3       6       0       6       1       3       6       0       6
      1       3       6       0       7       1       3       6       0       7
      1       3       6       0       8       1       3       6       0       8
      1       3       6       0       9       1       3       6       0       9
      1       4       6       0       1       1       4       6       0       1
      1       4       6       0       2       1       4       6       0       2
      1       4       6       0       3       1       4       6       0       3
      1       4       6       0       4       1       4       6       0       4
      1       4       6       0       5       1       4       6       0       5
      1       4       6       0       6       1       4       6       0       6
      1       4       6       0       7       1       4       6       0       7
      1       4       6       0       8       1       4       6       0       8
      1       4       6       0       9       1       4       6       0       9
# ================================================================================
#   endcap station sector subsector  cscid | endcap station sector subsector cscid
# ================================================================================
      2       1       1       1       1       2       1       1       1       1
      2       1       1       1       2       2       1       1       1       2
      2       1       1       1       3       2       1       1       1       3
      2       1       1       1       4       2       1       1       1       4
      2       1       1       1       5       2       1       1       1       5
      2       1       1       1       6       2       1       1       1       6
      2       1       1       1       7       2       1       1       1       7
      2       1       1       1       8       2       1       1       1       8
      2       1       1       1       9       2       1       1       1       9
      2       1       1       2       1       2       1       1       2       1
      2       1       1       2       2       2       1       1       2       2
      2       1       1       2       3       2       1       1       2       3
      2       1       1       2       4       2       1       1       2       4
      2       1       1       2       5       2       1       1       2       5
      2       1       1       2       6       2       1       1       2       6
      2       1       1       2       7       2       1       1       2       7
      2       1       1       2       8       2       1       1       2       8
      2       1       1       2       9       2       1       1       2       9
      2       2       1       0       1       2       2       1       0       1
      2       2       1       0       2       2       2       1       0       2
      2       2       1       0       3       2       2       1       0       3
      2       2       1       0       4       2       2       1       0       4
      2       2       1       0       5       2       2       1       0       5
      2       2       1       0       6       2       2       1       0       6
      2       2       1       0       7       2       2       1       0       7
      2       2       1       0       8       2       2       1       0       8
      2       2       1       0       9       2       2       1       0       9
      2       3       1       0       1       2       3       1       0       1
      2       3       1       0       2       2       3       1       0       2
      2       3       1       0       3       2       3       1       0       3
      2       3       1       0       4       2       3       1       0       4
      2       3       1       0       5       2       3       1       0       5
      2       3       1       0       6       2       3       1       0       6
      2       3       1       0       7       2       3       1       0       7
      2       3       1       0       8       2       3       1       0       8
      2       3       1       0       9       2       3       1       0       9
      2       4       1       0       1       2       4       1       0       1
      2       4       1       0       2       2       4       1       0       2
      2       4       1       0       3       2       4       1       0       3
      2       4       1       0       4       2       4       1       0       4
      2       4       1       0       5       2       4       1       0       5
      2       4       1       0       6       2       4       1       0       6
      2       4       1       0       7       2       4       1       0       7
      2       4       1       0       8       2       4       1       0       8
      2       4       1       0       9       2       4       1       0       9
# ================================================================================
      2       1       2       1       1       2       1       2       1       1
      2       1       2       1       2       2       1       2       1       2
      2       1       2       1       3       2       1       2       1       3
      2       1       2       1       4       2       1       2       1       4
      2       1       2       1       5       2       1       2       1       5
      2       1       2       1       6       2       1       2       1       6
      2       1       2       1       7       2       1       2       1       7
      2       1       2       1       8       2       1       2       1       8
      2       1       2       1       9       2       1       2       1       9
      2       1       2       2       1       2       1       2       2       1
      2       1       2       2       2       2       1       2       2       2
      2       1       2       2       3       2       1       2       2       3
      2       1       2       2       4       2       1       2       2       4
      2       1       2       2       5       2       1       2       2       5
      2       1       2       2       6       2       1       2       2       6
      2       1       2       2       7       2       1       2       2       7
      2       1       2       2       8       2       1       2       2       8
      2       1       2       2       9       2       1       2       2       9
      2       2       2       0       1       2       2       2       0       1
      2       2       2       0       2       2       2       2       0       2
      2       2       2       0       3       2       2       2       0       3
      2       2       2       0       4       2       2       2       0       4
      2       2       2       0       5       2       2       2       0       5
      2       2       2       0       6       2       2       2       0       6
      2       2       2       0       7       2       2       2       0       7
      2       2       2       0       8       2       2       2       0       8
      2       2       2       0       9       2       2       2       0       9
      2       3       2       0       1       2       3       2       0       1
      2       3       2       0       2       2       3       2       0       2
      2       3       2       0       3       2       3       2       0       3
      2       3       2       0       4       2       3       2       0       4
      2       3       2       0       5       2       3       2       0       5
      2       3       2       0       6       2       3       2       0       6
      2       3       2       0       7       2       3       2       0       7
      2       3       2       0       8       2       3       2       0       8
      2       3       2       0       9       2       3       2       0       9
      2       4       2       0       1       2       4       2       0       1
      2       4       2       0       2       2       4       2       0       2
      2       4       2       0       3       2       4       2       0       3
      2       4       2       0       4       2       4       2       0       4
      2       4       2       0       5       2       4       2       0       5
      2       4       2       0       6       2       4       2       0       6
      2       4       2       0       7       2       4       2       0       7
      2       4       2       0       8       2       4       2       0       8
      2       4       2       0       9       2       4       2       0       9
# ================================================================================
      2       1       3       1       1       2       1       3       1       1
      2       1       3       1       2       2       1       3       1       2
      2       1       3       1       3       2       1       3       1       3
      2       1       3       1       4       2       1       3       1       4
      2       1       3       1       5       2       1       3       1       5
      2       1       3       1       6       2       1       3       1       6
      2       1       3       1       7       2       1       3       1       7
      2       1       3       1       8       2       1       3       1       8
      2       1       3       1       9       2       1       3       1       9
      2       1       3       2       1       2       1       3       2       1
      2       1       3       2       2       2       1       3       2       2
      2       1       3       2       3       2       1       3       2       3
      2       1       3       2       4       2       1       3       2       4
      2       1       3       2       5       2       1       3       2       5
      2       1       3       2       6       2       1       3       2       6
      2       1       3       2       7       2       1       3       2       7
      2       1       3       2       8       2       1       3       2       8
      2       1       3       2       9       2       1       3       2       9
      2       2       3       0       1       2       2       3       0       1
      2       2       3       0       2       2       2       3       0       2
      2       2       3       0       3       2       2       3       0       3
      2       2       3       0       4       2       2       3       0       4
      2       2       3       0       5       2       2       3       0       5
      2       2       3       0       6       2       2       3       0       6
      2       2       3       0       7       2       2       3       0       7
      2       2       3       0       8       2       2       3       0       8
      2       2       3       0       9       2       2       3       0       9
      2       3       3       0       1       2       3       3       0       1
      2       3       3       0       2       2       3       3       0       2
      2       3       3       0       3       2       3       3       0       3
      2       3       3       0       4       2       3       3       0       4
      2       3       3       0       5       2       3       3       0       5
      2       3       3       0       6       2       3       3       0       6
      2       3       3       0       7       2       3       3       0       7
      2       3       3       0       8       2       3       3       0       8
      2       3       3       0       9       2       3       3       0       9
      2       4       3       0       1       2       4       3       0       1
      2       4       3       0       2       2       4       3       0       2
      2       4       3       0       3       2       4       3       0       3
      2       4       3       0       4       2       4       3       0       4
      2       4       3       0       5       2       4       3       0       5
      2       4       3       0       6       2       4       3       0       6
      2       4       3       0       7       2       4       3       0       7
      2       4       3       0       8       2       4       3       0       8
      2       4       3       0       9       2       4       3       0       9
# ================================================================================
      2       1       4       1       1       2       1       4       1       1
      2       1       4       1       2       2       1       4       1       2
      2       1       4       1       3       2       1       4       1       3
      2       1       4       1       4       2       1       4       1       4
      2       1       4       1       5       2       1       4       1       5
      2       1       4       1       6       2       1       4       1       6
      2       1       4       1       7       2       1       4       1       7
      2       1       4       1       8       2       1       4       1       8
      2       1       4       1       9       2       1       4       1       9
      2       1       4       2       1       2       1       4       2       1
      2       1       4       2       2       2       1       4       2       2
      2       1       4       2       3       2       1       4       2       3
      2       1       4       2       4       2       1       4       2       4
      2       1       4       2       5       2       1       4       2       5
      2       1       4       2       6       2       1       4       2       6
      2       1       4       2       7       2       1       4       2       7
      2       1       4       2       8       2       1       4       2       8
      2       1       4       2       9       2       1       4       2       9
      2       2       4       0       1       2       2       4       0       1
      2       2       4       0       2       2       2       4       0       2
      2       2       4       0       3       2       2       4       0       3
      2       2       4       0       4       2       2       4       0       4
      2       2       4       0       5       2       2       4       0       5
      2       2       4       0       6       2       2       4       0       6
      2       2       4       0       7       2       2       4       0       7
      2       2       4       0       8       2       2       4       0       8
      2       2       4       0       9       2       2       4       0       9
      2       3       4       0       1       2       3       4       0       1
      2       3       4       0       2       2       3       4       0       2
      2       3       4       0       3       2       3       4       0       3
      2       3       4       0       4       2       3       4       0       4
      2       3       4       0       5       2       3       4       0       5
      2       3       4       0       6       2       3       4       0       6
      2       3       4       0       7       2       3       4       0       7
      2       3       4       0       8       2       3       4       0       8
      2       3       4       0       9       2       3       4       0       9
      2       4       4       0       1       2       4       4       0       1
      2       4       4       0       2       2       4       4       0       2
      2       4       4       0       3       2       4       4       0       3
      2       4       4       0       4       2       4       4       0       4
      2       4       4       0       5       2       4       4       0       5
      2       4       4       0       6       2       4       4       0       6
      2       4       4       0       7       2       4       4       0       7
      2       4       4       0       8       2       4       4       0       8
      2       4       4       0       9       2       4       4       0       9
# ================================================================================
      2       1       5       1       1       2       1       5       1       1
      2       1       5       1       2       2       1       5       1       2
      2       1       5       1       3       2       1       5       1       3
      2       1       5       1       4       2       1       5       1       4
      2       1       5       1       5       2       1       5       1       5
      2       1       5       1       6       2       1       5       1       6
      2       1       5       1       7       2       1       5       1       7
      2       1       5       1       8       2       1       5       1       8
      2       1       5       1       9       2       1       5       1       9
      2       1       5       2       1       2       1       5       2       1
      2       1       5       2       2       2       1       5       2       2
      2       1       5       2       3       2       1       5       2       3
      2       1       5       2       4       2       1       5       2       4
      2       1       5       2       5       2       1       5       2       5
      2       1       5       2       6       2       1       5       2       6
      2       1       5       2       7       2       1       5       2       7
      2       1       5       2       8       2       1       5       2       8
      2       1       5       2       9       2       1       5       2       9
      2       2       5       0       1       2       2       5       0       1
      2       2       5       0       2       2       2       5       0       2
      2       2       5       0       3       2       2       5       0       3
      2       2       5       0       4       2       2       5       0       4
      2       2       5       0       5       2       2       5       0       5
      2       2       5       0       6       2       2       5       0       6
      2       2       5       0       7       2       2       5       0       7
      2       2       5       0       8       2       2       5       0       8
      2       2       5       0       9       2       2       5       0       9
      2       3       5       0       1       2       3       5       0       1
      2       3       5       0       2       2       3       5       0       2
      2       3       5       0       3       2       3       5       0       3
      2       3       5       0       4       2       3       5       0       4
      2       3       5       0       5       2       3       5       0       5
      2       3       5       0       6       2       3       5       0       6
      2       3       5       0       7       2       3       5       0       7
      2       3       5       0       8       2       3       5       0       8
      2       3       5       0       9       2       3       5       0       9
      2       4       5       0       1       2       4       5       0       1
      2       4       5       0       2       2       4       5       0       2
      2       4       5       0       3       2       4       5       0       3
      2       4       5       0       4       2       4       5       0       4
      2       4       5       0       5       2       4       5       0       5
      2       4       5       0       6       2       4       5       0       6
      2       4       5       0       7       2       4       5       0       7
      2       4       5       0       8       2       4       5       0       8
      2       4       5       0       9       2       4       5       0       9
# ================================================================================
      2       1       6       1       1       2       1       6       1       1
      2       1       6       1       2       2       1       6       1       2
      2       1       6       1       3       2       1       6       1       3
      2       1       6       1       4       2       1       6       1       4
      2       1       6       1       5       2       1       6       1       5
      2       1       6       1       6       2       1       6       1       6
      2       1       6       1       7       2       1       6       1       7
      2       1       6       1       8       2       1       6       1       8
      2       1       6       1       9       2       1       6       1       9
      2       1       6       2       1       2       1       6       2       1
      2       1       6       2       2       2       1       6       2       2
      2       1       6       2       3       2       1       6       2       3
      2       1       6       2       4       2       1       6       2       4
      2       1       6       2       5       2       1       6       2       5
      2       1       6       2       6       2       1       6       2       6
      2       1       6       2       7       2       1       6       2       7
      2       1       6       2       8       2       1       6       2       8
      2       1       6       2       9       2       1       6       2       9
      2       2       6       0       1       2       2       6       0       1
      2       2       6       0       2       2       2       6       0       2
      2       2       6       0       3       2       2       6       0       3
      2       2       6       0       4       2       2       6       0       4
      2       2       6       0       5       2       2       6       0       5
      2       2       6       0       6       2       2       6       0       6
      2       2       6       0       7       2       2       6       0       7
      2       2       6       0       8       2       2       6       0       8
      2       2       6       0       9       2       2       6       0       9
      2       3       6       0       1       2       3       6       0       1
      2       3       6       0       2       2       3       6       0       2
      2       3       6       0       3       2       3       6       0       3
      2       3       6       0       4       2       3       6       0       4
      2       3       6       0       5       2       3       6       0       5
      2       3       6       0       6       2       3       6       0       6
      2       3       6       0       7       2       3       6       0       7
      2       3       6       0       8       2       3       6       0       8
      2       3       6       0       9       2       3       6       0       9
      2       4       6       0       1       2       4       6       0       1
      2       4       6       0       2       2       4       6       0       2
      2       4       6       0       3       2       4       6       0       3
      2       4       6       0       4       2       4       6       0       4
      2       4       6       0       5       2       4       6       0       5
      2       4       6       0       6       2       4       6       0       6
      2       4       6       0       7       2       4       6       0       7
      2       4       6       0       8       2       4       6       0       8
      2       4       6       0       9       2       4       6       0       9
# ================================================================================
