# Test mapping.
# 
# Lindsey Gray 02-26-06
#
#                READOUT                                GEOMETRY
# ================================================================================
#   endcap station sector subsector  cscid | endcap station sector subsector cscid
# ================================================================================
# ME+1/1 subsector 1
      1       1       5       1       1       1       2       5       1       1
      1       1       5       1       2       1       2       5       1       2
      1       1       5       1       3       1       2       5       1       3
# ME+1/2 subsector 1
      1       1       5       1       4       1       2       5       1       4
      1       1       5       1       5       1       2       5       1       5
      1       1       5       1       6       1       2       5       1       6
# ME+1/3 subsector 1
      1       1       5       1       7       1       2       5       1       7
      1       1       5       1       8       1       2       5       1       8
      1       1       5       1       9       1       2       5       1       9
# ME+1/1 subsector 2
      1       1       5       2       1       1       2       5       1       1
      1       1       5       2       2       1       2       5       1       2
      1       1       5       2       3       1       2       5       1       3
# ME+1/2 subsector 2
      1       1       5       2       4       1       2       5       1       4
      1       1       5       2       5       1       2       5       1       5
      1       1       5       2       6       1       2       5       1       6
# ME+1/3 subsector 2
      1       1       5       2       7       1       2       5       1       7
      1       1       5       2       8       1       2       5       1       8
      1       1       5       2       9       1       2       5       1       9
# ME+2/1
      1       2       5       0       1       1       2       5       0       1
      1       2       5       0       2       1       2       5       0       2
      1       2       5       0       3       1       2       5       0       3
# ME+2/2
      1       2       5       0       4       1       2       5       0       4
      1       2       5       0       5       1       2       5       0       5
      1       2       5       0       6       1       2       5       0       6
      1       2       5       0       7       1       2       5       0       7
      1       2       5       0       8       1       2       5       0       8
      1       2       5       0       9       1       2       5       0       9
# ME+3/1
      1       3       5       0       1       1       3       5       0       1
      1       3       5       0       2       1       3       5       0       2
      1       3       5       0       3       1       3       5       0       3
# ME+3/2
      1       3       5       0       4       1       3       5       0       4
      1       3       5       0       5       1       3       5       0       5
      1       3       5       0       6       1       3       5       0       6
      1       3       5       0       7       1       3       5       0       7
      1       3       5       0       8       1       3       5       0       8
      1       3       5       0       9       1       3       5       0       9
# ME+4/1
      1       4       5       0       1       1       4       5       0       1
      1       4       5       0       2       1       4       5       0       2
      1       4       5       0       3       1       4       5       0       3
# ME+4/2
      1       4       5       0       4       1       4       5       0       4
      1       4       5       0       5       1       4       5       0       5
      1       4       5       0       6       1       4       5       0       6
      1       4       5       0       7       1       4       5       0       7
      1       4       5       0       8       1       4       5       0       8
      1       4       5       0       9       1       4       5       0       9
# ================================================================================
