DDErrorDetection::scan(): Scanning for DDD errors ... ... finished.


---> DDD ERROR REPORT <---

MISSING DEFINITIONS:

LogicalParts:

Materials:

Solids:

Rotations:

Specifics:


IMPLICATIONS OF MISSING DEFINITIONS:

A) LogicalParts that have missing definitions but are used in the geometr. hierarchy (PosParts):
   Format: namespace:name: [name of child]*

B) Detailed report on Materials:

C) Solids affected by Solids that have missing definitions:

D) LogicalParts affected by Materials of B):

E) LogicalParts affected by Solids of C):


