In file included from /home/sss/atlas/rootaccess/../test/usingns2_test.cxx:3:0:
/home/sss/atlas/rootaccess/../test/usingns2_test.h:4:17: warning: Do not use `using namespace' in an #included file.
 using namespace std;
                 ^~~
/home/sss/atlas/rootaccess/../test/usingns2_test.h:4:17: note: See <https://twiki.cern.ch/twiki/bin/view/AtlasComputing/CheckerGccPlugins#usingns_plugin>.
