[setup:Air] z=0 a=0*g/mole d=0.001214*g/cm3
  1 : fm=0.75 : * material not declared * 
  2 : fm=0.25 : * material not declared * 
[setup:Air] z=0 a=0*g/mole d=0.001214*g/cm3
  1 : fm=0.75 : [elements:Nitrogen] z=7 a=14.007*g/mole d=0.808*g/cm3
  2 : fm=0.25 : [elements:Oxygen] z=8 a=15.999*g/mole d=1.43*g/cm3
Starting Regressiontest Output
setup:world 
 mat=setup:Air
 solid=setup:world   Box:  xhalf[cm]=1000 yhalf[cm]=1000 zhalf[cm]=1000
  [setup:Air] z=0 a=0*g/mole d=0.001214*g/cm3
  1 : fm=0.75 : [elements:Nitrogen] z=7 a=14.007*g/mole d=0.808*g/cm3
  2 : fm=0.25 : [elements:Oxygen] z=8 a=15.999*g/mole d=1.43*g/cm3
  setup:world   Box:  xhalf[cm]=1000 yhalf[cm]=1000 zhalf[cm]=1000
  (0,0,0)
  (0,0,1)0
first:group 
 mat=setup:Air
 solid=setup:group   ShapelessSolid:  shapeless
  [setup:Air] z=0 a=0*g/mole d=0.001214*g/cm3
  1 : fm=0.75 : [elements:Nitrogen] z=7 a=14.007*g/mole d=0.808*g/cm3
  2 : fm=0.25 : [elements:Oxygen] z=8 a=15.999*g/mole d=1.43*g/cm3
  setup:group   ShapelessSolid:  shapeless
  (0,0,0)
  (0.57735,0.57735,0.57735)20
first:support 
 mat=elements:Oxygen
 solid=first:support   Box:  xhalf[cm]=125 yhalf[cm]=62.5 zhalf[cm]=125
  [elements:Oxygen] z=8 a=15.999*g/mole d=1.43*g/cm3
  first:support   Box:  xhalf[cm]=125 yhalf[cm]=62.5 zhalf[cm]=125
  (5998.72,1359.8,-1108.52)
  (0.57735,0.57735,0.57735)20
first:sensor 
 mat=elements:Nitrogen
 solid=first:sensor   Box:  xhalf[cm]=31.25 yhalf[cm]=31.25 zhalf[cm]=31.25
  [elements:Nitrogen] z=7 a=14.007*g/mole d=0.808*g/cm3
  first:sensor   Box:  xhalf[cm]=31.25 yhalf[cm]=31.25 zhalf[cm]=31.25
  (6679.15,1684.86,-551.508)
  (0.57735,0.57735,0.57735)20
first:support 
 mat=elements:Oxygen
 solid=first:support   Box:  xhalf[cm]=125 yhalf[cm]=62.5 zhalf[cm]=125
  [elements:Oxygen] z=8 a=15.999*g/mole d=1.43*g/cm3
  first:support   Box:  xhalf[cm]=125 yhalf[cm]=62.5 zhalf[cm]=125
  (4640.78,4176.98,-280.106)
  (0.323783,0.186936,0.92748)44.5718
first:sensor 
 mat=elements:Nitrogen
 solid=first:sensor   Box:  xhalf[cm]=31.25 yhalf[cm]=31.25 zhalf[cm]=31.25
  [elements:Nitrogen] z=7 a=14.007*g/mole d=0.808*g/cm3
  first:sensor   Box:  xhalf[cm]=31.25 yhalf[cm]=31.25 zhalf[cm]=31.25
  (5042.87,4709.58,378.35)
  (0.323783,0.186936,0.92748)44.5718
first:support 
 mat=elements:Oxygen
 solid=first:support   Box:  xhalf[cm]=125 yhalf[cm]=62.5 zhalf[cm]=125
  [elements:Oxygen] z=8 a=15.999*g/mole d=1.43*g/cm3
  first:support   Box:  xhalf[cm]=125 yhalf[cm]=62.5 zhalf[cm]=125
  (2039.35,5874.94,623.361)
  (0.229659,0.0615369,0.971324)73.2148
first:sensor 
 mat=elements:Nitrogen
 solid=first:sensor   Box:  xhalf[cm]=31.25 yhalf[cm]=31.25 zhalf[cm]=31.25
  [elements:Nitrogen] z=7 a=14.007*g/mole d=0.808*g/cm3
  first:sensor   Box:  xhalf[cm]=31.25 yhalf[cm]=31.25 zhalf[cm]=31.25
  (2091.8,6442.67,1367.56)
  (0.229659,0.0615369,0.971324)73.2148
first:support 
 mat=elements:Oxygen
 solid=first:support   Box:  xhalf[cm]=125 yhalf[cm]=62.5 zhalf[cm]=125
  [elements:Oxygen] z=8 a=15.999*g/mole d=1.43*g/cm3
  first:support   Box:  xhalf[cm]=125 yhalf[cm]=62.5 zhalf[cm]=125
  (-1108.52,5998.72,1359.8)
  (0.181716,0,0.983351)102.566
first:sensor 
 mat=elements:Nitrogen
 solid=first:sensor   Box:  xhalf[cm]=31.25 yhalf[cm]=31.25 zhalf[cm]=31.25
  [elements:Nitrogen] z=7 a=14.007*g/mole d=0.808*g/cm3
  first:sensor   Box:  xhalf[cm]=31.25 yhalf[cm]=31.25 zhalf[cm]=31.25
  (-1383.33,6419.75,2151.08)
  (0.181716,0,0.983351)102.566

center points of all solids
0 0 0
0 0 0
5998.72 1359.8 -1108.52
6679.15 1684.86 -551.508
4640.78 4176.98 -280.106
5042.87 4709.58 378.35
2039.35 5874.94 623.361
2091.8 6442.67 1367.56
-1108.52 5998.72 1359.8
-1383.33 6419.75 2151.08

Main Thread CPU elapsed time 1u 0s
